<?xml version="1.0" encoding="utf-16"?>
<StackPanel xmlns:c="clr-namespace:ColorTextBlock.Avalonia;assembly=ColorTextBlock.Avalonia" xmlns:x="http://schemas.microsoft.com/winfx/2006/xaml" xmlns="https://github.com/avaloniaui">
  <c:CTextBlock Classes="Heading1">
    <c:CCode>
      <c:CRun Text="```" />
    </c:CCode>
  </c:CTextBlock>
  <Border Classes="CodeBlock" xmlns="">
    <Border.Child>
      <TextBlock Text="```cs&#xA;public void Main(){&#xA;    Console.WriteLine(&quot;`Hello World`&quot;);&#xA;}&#xA;```" Classes="CodeBlock" />
    </Border.Child>
  </Border>
  <Border Classes="CodeBlock" xmlns="">
    <Border.Child>
      <TextBlock Text="public void Main(){&#xA;    Console.WriteLine(&quot;`Hello World`&quot;);&#xA;}" Classes="CodeBlock" />
    </Border.Child>
  </Border>
  <Border Classes="Blockquote" xmlns="">
    <Border.Child>
      <StackPanel Classes="Blockquote">
        <Border Classes="CodeBlock">
          <Border.Child>
            <TextBlock Text="public void Main(){&#xA;    Console.WriteLine(&quot;`Hello World`&quot;);&#xA;}" Classes="CodeBlock" />
          </Border.Child>
        </Border>
      </StackPanel>
    </Border.Child>
  </Border>
  <Border Classes="CodeBlock" xmlns="">
    <Border.Child>
      <TextBlock Text="   public void Main(){&#xA;       Console.WriteLine(&quot;`Hello World`&quot;);&#xA;   }" Classes="CodeBlock" />
    </Border.Child>
  </Border>
  <Border Classes="CodeBlock" xmlns="">
    <Border.Child>
      <TextBlock Text="```cs&#xA;public void Main(){&#xA;    Console.WriteLine(&quot;`Hello World`&quot;);&#xA;}&#xA;```" Classes="CodeBlock" />
    </Border.Child>
  </Border>
</StackPanel>
